#
# There is insufficient memory for the Java Runtime Environment to continue.
# Native memory allocation (mmap) failed to map 195035136 bytes. Error detail: G1 virtual space
# Possible reasons:
#   The system is out of physical RAM or swap space
#   This process is running with CompressedOops enabled, and the Java Heap may be blocking the growth of the native heap
# Possible solutions:
#   Reduce memory load on the system
#   Increase physical memory or swap space
#   Check if swap backing store is full
#   Decrease Java heap size (-Xmx/-Xms)
#   Decrease number of Java threads
#   Decrease Java thread stack sizes (-Xss)
#   Set larger code cache with -XX:ReservedCodeCacheSize=
#   JVM is running with Zero Based Compressed Oops mode in which the Java heap is
#     placed in the first 32GB address space. The Java Heap base address is the
#     maximum limit for the native heap growth. Please use -XX:HeapBaseMinAddress
#     to set the Java Heap base and to place the Java Heap above 32GB virtual address.
# This output file may be truncated or incomplete.
#
#  Out of Memory Error (os_windows.cpp:3710), pid=12160, tid=14424
#
# JRE version:  (17.0.16+8) (build )
# Java VM: OpenJDK 64-Bit Server VM (17.0.16+8-LTS, mixed mode, sharing, tiered, compressed oops, compressed class ptrs, g1 gc, windows-amd64)
# No core dump will be written. Minidumps are not enabled by default on client versions of Windows
#

---------------  S U M M A R Y ------------

Command Line: 

Host: AMD Ryzen 5 2500U with Radeon Vega Mobile Gfx  , 8 cores, 11G,  Windows 10 , 64 bit Build 19041 (10.0.19041.5915)
Time: Fri Aug 29 01:54:29 2025 RTZ 4 (s 10 , 64 bit Build 19041 (10.0.19041.5915) elapsed time: 0.026063 seconds (0d 0h 0m 0s)

---------------  T H R E A D  ---------------

Current thread (0x00000254a58f2bb0):  JavaThread "Unknown thread" [_thread_in_vm, id=14424, stack(0x000000ce39700000,0x000000ce39800000)]

Stack: [0x000000ce39700000,0x000000ce39800000]
Native frames: (J=compiled Java code, j=interpreted, Vv=VM code, C=native code)
V  [jvm.dll+0x68ee19]
V  [jvm.dll+0x846249]
V  [jvm.dll+0x847fb8]
V  [jvm.dll+0x848643]
V  [jvm.dll+0x24cf6f]
V  [jvm.dll+0x68bde9]
V  [jvm.dll+0x6803aa]
V  [jvm.dll+0x30ffc0]
V  [jvm.dll+0x30fe62]
V  [jvm.dll+0x3173b9]
V  [jvm.dll+0x3695e9]
V  [jvm.dll+0x36981d]
V  [jvm.dll+0x2e683a]
V  [jvm.dll+0x2e7748]
V  [jvm.dll+0x8186fe]
V  [jvm.dll+0x377251]
V  [jvm.dll+0x7f6d45]
V  [jvm.dll+0x3fd00b]
V  [jvm.dll+0x3fec41]
C  [jli.dll+0x52f0]
C  [ucrtbase.dll+0x21bb2]
C  [KERNEL32.DLL+0x17374]
C  [ntdll.dll+0x4cc91]


---------------  P R O C E S S  ---------------

Threads class SMR info:
_java_thread_list=0x00007fff28847018, length=0, elements={
}

Java Threads: ( => current thread )

Other Threads:
  0x00000254a5945f80 GCTaskThread "GC Thread#0" [stack: 0x000000ce39800000,0x000000ce39900000] [id=10428]
  0x00000254a59526b0 ConcurrentGCThread "G1 Main Marker" [stack: 0x000000ce39900000,0x000000ce39a00000] [id=12420]
  0x00000254a5953f90 ConcurrentGCThread "G1 Conc#0" [stack: 0x000000ce39a00000,0x000000ce39b00000] [id=8384]

[error occurred during error reporting (printing all threads), id 0xc0000005, EXCEPTION_ACCESS_VIOLATION (0xc0000005) at pc=0x00007fff27ff7307]

VM state: not at safepoint (not fully initialized)

VM Mutex/Monitor currently owned by a thread:  ([mutex/lock_event])
[0x00000254a58ee5b0] Heap_lock - owner thread: 0x00000254a58f2bb0

Heap address: 0x0000000747200000, size: 2958 MB, Compressed Oops mode: Zero based, Oop shift amount: 3

CDS archive(s) mapped at: [0x0000000000000000-0x0000000000000000-0x0000000000000000), size 0, SharedBaseAddress: 0x0000000800000000, ArchiveRelocationMode: 1.
Narrow klass base: 0x0000000000000000, Narrow klass shift: 0, Narrow klass range: 0x0

GC Precious Log:
<Empty>

Heap:
 garbage-first heap   total 0K, used 0K [0x0000000747200000, 0x0000000800000000)
  region size 2048K, 0 young (0K), 0 survivors (0K)

[error occurred during error reporting (printing heap information), id 0xc0000005, EXCEPTION_ACCESS_VIOLATION (0xc0000005) at pc=0x00007fff283e8979]

GC Heap History (0 events):
No events

Dll operation events (1 events):
Event: 0.012 Loaded shared library C:\Program Files\Microsoft\jdk-17.0.16.8-hotspot\bin\java.dll

Deoptimization events (0 events):
No events

Classes loaded (0 events):
No events

Classes unloaded (0 events):
No events

Classes redefined (0 events):
No events

Internal exceptions (0 events):
No events

VM Operations (0 events):
No events

Memory protections (0 events):
No events

Nmethod flushes (0 events):
No events

Events (0 events):
No events


Dynamic libraries:
0x00007ff682740000 - 0x00007ff68274e000 	C:\Program Files\Microsoft\jdk-17.0.16.8-hotspot\bin\java.exe
0x00007fff7b1d0000 - 0x00007fff7b3c8000 	C:\WINDOWS\SYSTEM32\ntdll.dll
0x00007fff794c0000 - 0x00007fff79582000 	C:\WINDOWS\System32\KERNEL32.DLL
0x00007fff78e70000 - 0x00007fff79167000 	C:\WINDOWS\System32\KERNELBASE.dll
0x00007fff78b90000 - 0x00007fff78c90000 	C:\WINDOWS\System32\ucrtbase.dll
0x00007fff61fc0000 - 0x00007fff61fde000 	C:\Program Files\Microsoft\jdk-17.0.16.8-hotspot\bin\VCRUNTIME140.dll
0x00007fff61f40000 - 0x00007fff61f58000 	C:\Program Files\Microsoft\jdk-17.0.16.8-hotspot\bin\jli.dll
0x00007fff7a6a0000 - 0x00007fff7a83d000 	C:\WINDOWS\System32\USER32.dll
0x00007fff78e40000 - 0x00007fff78e62000 	C:\WINDOWS\System32\win32u.dll
0x00007fff67be0000 - 0x00007fff67e7a000 	C:\WINDOWS\WinSxS\amd64_microsoft.windows.common-controls_6595b64144ccf1df_6.0.19041.5915_none_60b4b9d171f9c7c7\COMCTL32.dll
0x00007fff792e0000 - 0x00007fff7930b000 	C:\WINDOWS\System32\GDI32.dll
0x00007fff79df0000 - 0x00007fff79e8e000 	C:\WINDOWS\System32\msvcrt.dll
0x00007fff78d20000 - 0x00007fff78e39000 	C:\WINDOWS\System32\gdi32full.dll
0x00007fff78a70000 - 0x00007fff78b0d000 	C:\WINDOWS\System32\msvcp_win.dll
0x00007fff79c70000 - 0x00007fff79c9f000 	C:\WINDOWS\System32\IMM32.DLL
0x00007fff6aca0000 - 0x00007fff6acac000 	C:\Program Files\Microsoft\jdk-17.0.16.8-hotspot\bin\vcruntime140_1.dll
0x00007fff36230000 - 0x00007fff362b9000 	C:\Program Files\Microsoft\jdk-17.0.16.8-hotspot\bin\msvcp140.dll
0x00007fff27d00000 - 0x00007fff2897a000 	C:\Program Files\Microsoft\jdk-17.0.16.8-hotspot\bin\server\jvm.dll
0x00007fff79bb0000 - 0x00007fff79c61000 	C:\WINDOWS\System32\ADVAPI32.dll
0x00007fff7aea0000 - 0x00007fff7af3f000 	C:\WINDOWS\System32\sechost.dll
0x00007fff79590000 - 0x00007fff796b6000 	C:\WINDOWS\System32\RPCRT4.dll
0x00007fff788e0000 - 0x00007fff78907000 	C:\WINDOWS\System32\bcrypt.dll
0x00007fff7a630000 - 0x00007fff7a69b000 	C:\WINDOWS\System32\WS2_32.dll
0x00007fff78690000 - 0x00007fff786db000 	C:\WINDOWS\SYSTEM32\POWRPROF.dll
0x00007fff6d350000 - 0x00007fff6d377000 	C:\WINDOWS\SYSTEM32\WINMM.dll
0x00007fff6ef60000 - 0x00007fff6ef6a000 	C:\WINDOWS\SYSTEM32\VERSION.dll
0x00007fff78670000 - 0x00007fff78682000 	C:\WINDOWS\SYSTEM32\UMPDC.dll
0x00007fff77050000 - 0x00007fff77062000 	C:\WINDOWS\SYSTEM32\kernel.appcore.dll
0x00007fff6ac70000 - 0x00007fff6ac7a000 	C:\Program Files\Microsoft\jdk-17.0.16.8-hotspot\bin\jimage.dll
0x00007fff763d0000 - 0x00007fff765d1000 	C:\WINDOWS\SYSTEM32\DBGHELP.DLL
0x00007fff68aa0000 - 0x00007fff68ad4000 	C:\WINDOWS\SYSTEM32\dbgcore.DLL
0x00007fff78c90000 - 0x00007fff78d12000 	C:\WINDOWS\System32\bcryptPrimitives.dll
0x00007fff4eca0000 - 0x00007fff4ecc6000 	C:\Program Files\Microsoft\jdk-17.0.16.8-hotspot\bin\java.dll

dbghelp: loaded successfully - version: 4.0.5 - missing functions: none
symbol engine: initialized successfully - sym options: 0x614 - pdb path: .;C:\Program Files\Microsoft\jdk-17.0.16.8-hotspot\bin;C:\WINDOWS\SYSTEM32;C:\WINDOWS\WinSxS\amd64_microsoft.windows.common-controls_6595b64144ccf1df_6.0.19041.5915_none_60b4b9d171f9c7c7;C:\Program Files\Microsoft\jdk-17.0.16.8-hotspot\bin\server

VM Arguments:
java_command: <unknown>
java_class_path (initial): <not set>
Launcher Type: SUN_STANDARD

[Global flags]
     intx CICompilerCount                          = 4                                         {product} {ergonomic}
     uint ConcGCThreads                            = 2                                         {product} {ergonomic}
     uint G1ConcRefinementThreads                  = 8                                         {product} {ergonomic}
   size_t G1HeapRegionSize                         = 2097152                                   {product} {ergonomic}
    uintx GCDrainStackTargetSize                   = 64                                        {product} {ergonomic}
   size_t InitialHeapSize                          = 195035136                                 {product} {ergonomic}
   size_t MarkStackSize                            = 4194304                                   {product} {ergonomic}
   size_t MaxHeapSize                              = 3101687808                                {product} {ergonomic}
   size_t MinHeapDeltaBytes                        = 2097152                                   {product} {ergonomic}
   size_t MinHeapSize                              = 8388608                                   {product} {ergonomic}
    uintx NonNMethodCodeHeapSize                   = 5839372                                {pd product} {ergonomic}
    uintx NonProfiledCodeHeapSize                  = 122909434                              {pd product} {ergonomic}
    uintx ProfiledCodeHeapSize                     = 122909434                              {pd product} {ergonomic}
    uintx ReservedCodeCacheSize                    = 251658240                              {pd product} {ergonomic}
     bool SegmentedCodeCache                       = true                                      {product} {ergonomic}
   size_t SoftMaxHeapSize                          = 3101687808                             {manageable} {ergonomic}
     bool UseCompressedClassPointers               = true                           {product lp64_product} {ergonomic}
     bool UseCompressedOops                        = true                           {product lp64_product} {ergonomic}
     bool UseG1GC                                  = true                                      {product} {ergonomic}
     bool UseLargePagesIndividualAllocation        = false                                  {pd product} {ergonomic}

Logging:
Log output configuration:
 #0: stdout all=warning uptime,level,tags
 #1: stderr all=off uptime,level,tags

Environment Variables:
JAVA_HOME=C:\Program Files\Microsoft\jdk-17.0.16.8-hotspot\
PATH=C:\Program Files\Microsoft\jdk-17.0.16.8-hotspot\bin;C:\Program Files (x86)\Common Files\Intel\Shared Libraries\redist\intel64\compiler;C:\ProgramData\Oracle\Java\javapath;C:\Program Files (x86)\NVIDIA Corporation\PhysX\Common;C:\WINDOWS\system32;C:\WINDOWS;C:\WINDOWS\System32\Wbem;C:\WINDOWS\System32\WindowsPowerShell\v1.0\;C:\WINDOWS\System32\OpenSSH\;C:\Program Files (x86)\QuickTime\QTSystem\;C:\Program Files\Microsoft SQL Server\150\Tools\Binn\;C:\Program Files\Microsoft SQL Server\Client SDK\ODBC\170\Tools\Binn\;C:\WINDOWS\system32;C:\WINDOWS;C:\WINDOWS\System32\Wbem;C:\WINDOWS\System32\WindowsPowerShell\v1.0\;C:\WINDOWS\System32\OpenSSH\;C:\Program Files\dotnet\;C:\Users\User\AppData\Local\Programs\Python\Python312;C:\Program Files\Fortect;C:\Users\User\AppData\Local\Programs\Python\Python312\Scripts\;C:\Users\User\AppData\Local\Programs\Python\Python312\;C:\Users\User\AppData\Local\Microsoft\WindowsApps;C:\Program Files\JetBrains\PyCharm 2022.2\bin;;C:\Users\User\.dotnet\tools;C:\Program Files (x86)\Brackets\;C:\Users\User\AppData\Local\Programs\Python\Python312;;C:\Program Files\JetBrains\IntelliJ IDEA 2025.1.1.1\bin;
USERNAME=User
OS=Windows_NT
PROCESSOR_IDENTIFIER=AMD64 Family 23 Model 17 Stepping 0, AuthenticAMD
TMP=C:\Users\User\AppData\Local\Temp
TEMP=C:\Users\User\AppData\Local\Temp



Periodic native trim disabled


---------------  S Y S T E M  ---------------

OS:
 Windows 10 , 64 bit Build 19041 (10.0.19041.5915)
OS uptime: 0 days 4:34 hours

CPU: total 8 (initial active 8) (8 cores per cpu, 2 threads per core) family 23 model 17 stepping 0 microcode 0x0, cx8, cmov, fxsr, ht, mmx, 3dnowpref, sse, sse2, sse3, ssse3, sse4a, sse4.1, sse4.2, popcnt, lzcnt, tsc, tscinvbit, avx, avx2, aes, clmul, bmi1, bmi2, adx, sha, fma, vzeroupper, clflush, clflushopt
Processor Information for the first 8 processors :
  Max Mhz: 2000, Current Mhz: 2000, Mhz Limit: 2000

Memory: 4k page, system-wide physical 11829M (840M free)
TotalPageFile size 11829M (AvailPageFile size 74M)
current process WorkingSet (physical memory assigned to process): 10M, peak: 10M
current process commit charge ("private bytes"): 60M, peak: 246M

vm_info: OpenJDK 64-Bit Server VM (17.0.16+8-LTS) for windows-amd64 JRE (17.0.16+8-LTS), built on Jul 10 2025 00:24:24 by "MicrosoftCorporation" with unknown MS VC++:1944

END.
